2020-11-12 10:40:32.970443: I tensorflow/stream_executor/platform/default/dso_loader.cc:48] Successfully opened dynamic library libcudart.so.10.1
2020-11-12 10:40:36.403684: I tensorflow/stream_executor/platform/default/dso_loader.cc:48] Successfully opened dynamic library libcuda.so.1
2020-11-12 10:40:36.403726: E tensorflow/stream_executor/cuda/cuda_driver.cc:314] failed call to cuInit: UNKNOWN ERROR (-1)
2020-11-12 10:40:36.403760: I tensorflow/stream_executor/cuda/cuda_diagnostics.cc:156] kernel driver does not appear to be running on this host (gibraltar-53): /proc/driver/nvidia/version does not exist
2020-11-12 10:40:36.404010: I tensorflow/core/platform/cpu_feature_guard.cc:142] This TensorFlow binary is optimized with oneAPI Deep Neural Network Library (oneDNN)to use the following CPU instructions in performance-critical operations:  AVX2 AVX512F FMA
To enable them in other operations, rebuild TensorFlow with the appropriate compiler flags.
2020-11-12 10:40:36.414379: I tensorflow/core/platform/profile_utils/cpu_utils.cc:104] CPU Frequency: 2300000000 Hz
2020-11-12 10:40:36.417190: I tensorflow/compiler/xla/service/service.cc:168] XLA service 0x559107264610 initialized for platform Host (this does not guarantee that XLA will be used). Devices:
2020-11-12 10:40:36.417213: I tensorflow/compiler/xla/service/service.cc:176]   StreamExecutor device (0): Host, Default Version
/bin/sh: line 0: kill: False: arguments must be process or job IDs
pid:  False
molscontrol configure file:  configure.json
ax_con:  [[40], [54]]
eq_con:  [[2, 13, 6, 10]]
